c:\users\asus\coding\gdparcm\que-gdparcm\que-loadingscreen\x64\debug\vc143.pdb
c:\users\asus\coding\gdparcm\que-gdparcm\que-loadingscreen\x64\debug\vc143.idb
c:\users\asus\coding\gdparcm\que-gdparcm\que-loadingscreen\x64\debug\main.obj
c:\users\asus\coding\gdparcm\que-gdparcm\que-loadingscreen\x64\debug\threadpool.obj
c:\users\asus\coding\gdparcm\que-gdparcm\que-loadingscreen\x64\debug\poolworkerthread.obj
c:\users\asus\coding\gdparcm\que-gdparcm\que-loadingscreen\x64\debug\ietthread.obj
c:\users\asus\coding\gdparcm\que-gdparcm\que-loadingscreen\x64\debug\ietsemaphore.obj
c:\users\asus\coding\gdparcm\que-gdparcm\que-loadingscreen\x64\debug\stringutils.obj
c:\users\asus\coding\gdparcm\que-gdparcm\que-loadingscreen\x64\debug\streamassetloader.obj
c:\users\asus\coding\gdparcm\que-gdparcm\que-loadingscreen\x64\debug\texturemanager.obj
c:\users\asus\coding\gdparcm\que-gdparcm\que-loadingscreen\x64\debug\fpscounter.obj
c:\users\asus\coding\gdparcm\que-gdparcm\que-loadingscreen\x64\debug\agameobject.obj
c:\users\asus\coding\gdparcm\que-gdparcm\que-loadingscreen\x64\debug\appwindow.obj
c:\users\asus\coding\gdparcm\que-gdparcm\que-loadingscreen\x64\debug\gameobjectmanager.obj
c:\users\asus\coding\gdparcm\que-gdparcm\que-loadingscreen\x64\debug\texturedisplay.obj
c:\users\asus\coding\gdparcm\que-gdparcm\que-loadingscreen\x64\debug\iconobject.obj
c:\users\asus\coding\gdparcm\que-gdparcm\x64\debug\que-loadingscreen.exe
c:\users\asus\coding\gdparcm\que-gdparcm\x64\debug\que-loadingscreen.pdb
c:\users\asus\coding\gdparcm\que-gdparcm\que-loadingscreen\x64\debug\que-loadingscreen.ilk
c:\users\asus\coding\gdparcm\que-gdparcm\que-loadingscreen\x64\debug\que-load.fd31267b.tlog\cl.command.1.tlog
c:\users\asus\coding\gdparcm\que-gdparcm\que-loadingscreen\x64\debug\que-load.fd31267b.tlog\cl.items.tlog
c:\users\asus\coding\gdparcm\que-gdparcm\que-loadingscreen\x64\debug\que-load.fd31267b.tlog\cl.read.1.tlog
c:\users\asus\coding\gdparcm\que-gdparcm\que-loadingscreen\x64\debug\que-load.fd31267b.tlog\cl.write.1.tlog
c:\users\asus\coding\gdparcm\que-gdparcm\que-loadingscreen\x64\debug\que-load.fd31267b.tlog\link.command.1.tlog
c:\users\asus\coding\gdparcm\que-gdparcm\que-loadingscreen\x64\debug\que-load.fd31267b.tlog\link.read.1.tlog
c:\users\asus\coding\gdparcm\que-gdparcm\que-loadingscreen\x64\debug\que-load.fd31267b.tlog\link.secondary.1.tlog
c:\users\asus\coding\gdparcm\que-gdparcm\que-loadingscreen\x64\debug\que-load.fd31267b.tlog\link.write.1.tlog
